/archive/gently-abandoning-dead-to-me-projects            http://mikewest.org/2008/10/gently-abandoning-dead-to-me-projects;
/archive/auto-configuring-proxy-settings-with-a-pac-file            http://mikewest.org/2007/01/auto-configuring-proxy-settings-with-a-pac-file;
/archive/microformats-on-kelkoo            http://mikewest.org/2008/03/microformats-on-kelkoo;
/archive/accessibility-tips-from-mike-davies            http://mikewest.org/2008/03/accessibility-tips-from-mike-davies;
/archive/safegarding-your-data-with-parchive            http://mikewest.org/2008/01/safegarding-your-data-with-parchive;
/archive/carlos-launched-escaloop            http://mikewest.org/2008/01/carlos-launched-escaloop;
/archive/innovation-and-interoperability            http://mikewest.org/2007/12/innovation-and-interoperability;
/archive/dns-made-easy-is-actually-pretty-easy            http://mikewest.org/2007/12/dns-made-easy-is-actually-pretty-easy;
/archive/solving-strange-text-wrapping-problems-in-bash            http://mikewest.org/2007/12/solving-strange-text-wrapping-problems-in-bash;
/archive/now-i-have-a-colourful-bash-prompt            http://mikewest.org/2007/12/now-i-have-a-colourful-bash-prompt;
/archive/presentation-love-the-terminal            http://mikewest.org/2007/12/presentation-love-the-terminal;
/archive/photoset-media-ajax            http://mikewest.org/2007/11/photoset-media-ajax;
/archive/just-back-from-london            http://mikewest.org/2007/11/just-back-from-london;
/archive/looking-forward-to-media            http://mikewest.org/2007/11/looking-forward-to-media;
/archive/goodbye-grandmom            http://mikewest.org/2007/08/goodbye-grandmom;
/archive/playing-with-pownce            http://mikewest.org/2007/07/playing-with-pownce;
/archive/viva-la-y-french-news-site            http://mikewest.org/2007/07/viva-la-y-french-news-site;
/archive/congrats-to-the-singapore-news-team            http://mikewest.org/2007/07/congrats-to-the-singapore-news-team;
/archive/two-more-news-relaunches-up-and-running            http://mikewest.org/2007/06/two-more-news-relaunches-up-and-running;
/archive/i-am-a-super-early-bird-are-you            http://mikewest.org/2007/06/i-am-a-super-early-bird-are-you;
/archive/escaping-curly-braces-in-xslt-attributes            http://mikewest.org/2007/06/escaping-curly-braces-in-xslt-attributes;
/archive/ice-water-for-some            http://mikewest.org/2007/06/ice-water-for-some;
/archive/short-form-link-blogging            http://mikewest.org/2007/06/short-form-link-blogging;
/archive/home-again-home-again            http://mikewest.org/2007/05/home-again-home-again;
/archive/stupid-i18n-mistake            http://mikewest.org/2007/05/stupid-i18n-mistake;
/archive/how-do-i-unit-test-a-website            http://mikewest.org/2007/05/how-do-i-unit-test-a-website;
/archive/words-escape-me            http://mikewest.org/2007/05/words-escape-me;
/archive/my-bookmarks-are-amazingly-out-of-date            http://mikewest.org/2007/05/my-bookmarks-are-amazingly-out-of-date;
/archive/domain-transfer            http://mikewest.org/2007/05/domain-transfer;
/archive/es-vivo            http://mikewest.org/2007/05/es-vivo;
/archive/stopgap-solution            http://mikewest.org/2007/05/stopgap-solution;
/archive/i-used-to-be-so-pretty            http://mikewest.org/2007/04/i-used-to-be-so-pretty;
/archive/fun-apple-remote-tricks            http://mikewest.org/2007/04/fun-apple-remote-tricks;
/archive/just-the-stats            http://mikewest.org/2007/04/just-the-stats;
/archive/amazingly-stupid-datarequestor-bug            http://mikewest.org/2007/04/amazingly-stupid-datarequestor-bug;
/archive/installing-libgd-from-source-on-os-x            http://mikewest.org/2007/04/installing-libgd-from-source-on-os-x;
/archive/its-live            http://mikewest.org/2007/04/its-live;
/archive/datarequestor-1-dot-6            http://mikewest.org/2007/02/datarequestor-1-dot-6;
/archive/signs-of-life            http://mikewest.org/2007/01/signs-of-life;
/archive/benchmarking-your-site-with-http_load            http://mikewest.org/2007/01/benchmarking-your-site-with-http_load;
/archive/subversion-143            http://mikewest.org/2007/01/subversion-143;
/archive/locking-your-mac            http://mikewest.org/2007/01/locking-your-mac;
/archive/installing-textpattern-with-markdown            http://mikewest.org/2007/01/installing-textpattern-with-markdown;
/archive/setting-up-an-openid-server-with-phpmyid            http://mikewest.org/2007/01/setting-up-an-openid-server-with-phpmyid;
/archive/iwant            http://mikewest.org/2007/01/iwant;
/archive/using-yui-in-greasemonkey-scripts            http://mikewest.org/2007/01/using-yui-in-greasemonkey-scripts;
/archive/frohe-weihnachten            http://mikewest.org/2006/12/frohe-weihnachten;
/archive/building-sshkeychain-as-an-intel-binary            http://mikewest.org/2006/12/building-sshkeychain-as-an-intel-binary;
/archive/building-subversion-for-os-x            http://mikewest.org/2006/12/building-subversion-for-os-x;
/archive/starting-out-with-the-svk-version-control-system            http://mikewest.org/2006/10/starting-out-with-the-svk-version-control-system;
/archive/comments-with-specificity            http://mikewest.org/2006/10/comments-with-specificity;
/archive/apartments-in-munich            http://mikewest.org/2006/10/apartments-in-munich;
/archive/backing-up-e-mail            http://mikewest.org/2006/10/backing-up-e-mail;
/archive/anatomy-of-a-technical-interview-part-i            http://mikewest.org/2006/09/anatomy-of-a-technical-interview-part-i;
/archive/serverless-svn-repositories            http://mikewest.org/2006/09/serverless-svn-repositories;
/archive/traffic-analysis-with-mint            http://mikewest.org/2006/09/traffic-analysis-with-mint;
/archive/you-heard-me-leave            http://mikewest.org/2006/09/you-heard-me-leave;
/archive/scope-in-javascript            http://mikewest.org/2006/09/scope-in-javascript;
/archive/answers-to-common-interview-questions            http://mikewest.org/2006/09/answers-to-common-interview-questions;
/archive/articles-about-interviewing            http://mikewest.org/2006/09/articles-about-interviewing;
/archive/quick-optimization            http://mikewest.org/2006/08/quick-optimization;
/archive/french-translation-of-i-wonder-what-this-button-does            http://mikewest.org/2006/08/french-translation-of-i-wonder-what-this-button-does;
/archive/i-wish-i-was-at-oscon-subversion-best-practices            http://mikewest.org/2006/07/i-wish-i-was-at-oscon-subversion-best-practices;
/archive/i-wonder-what-this-button-does            http://mikewest.org/2006/07/i-wonder-what-this-button-does;
/archive/i-wonder-how-to-say-ugh-in-german            http://mikewest.org/2006/07/i-wonder-how-to-say-ugh-in-german;
/archive/building-accessible-widgets-for-the-web            http://mikewest.org/2006/07/building-accessible-widgets-for-the-web;
/archive/forbidden-errors-and-subversion-commits            http://mikewest.org/2006/07/forbidden-errors-and-subversion-commits;
/archive/digital-web-and-me            http://mikewest.org/2006/07/digital-web-and-me;
/archive/pimp-my-javascript-duffs-edition            http://mikewest.org/2006/06/pimp-my-javascript-duffs-edition;
/archive/install-sqlite-locally-on-os-x            http://mikewest.org/2006/06/install-sqlite-locally-on-os-x;
/archive/mcwmagnolia-version-04-is-out            http://mikewest.org/2006/06/mcwmagnolia-version-04-is-out;
/archive/textmate-bundle-for-textpattern            http://mikewest.org/2006/06/textmate-bundle-for-textpattern;
/archive/subversion-post-commit-hooks-101            http://mikewest.org/2006/06/subversion-post-commit-hooks-101;
/archive/working-with-subversion-file-properties            http://mikewest.org/2006/06/working-with-subversion-file-properties;
/archive/virtual-hosting-on-os-x            http://mikewest.org/2006/06/virtual-hosting-on-os-x;
/archive/leveraging-modrewrite            http://mikewest.org/2006/05/leveraging-modrewrite;
/archive/mcwmagnolia            http://mikewest.org/2006/04/mcwmagnolia;
/archive/preparing-a-mac-for-resale            http://mikewest.org/2006/04/preparing-a-mac-for-resale;
/archive/mcwtemplates-v02            http://mikewest.org/2006/04/mcwtemplates-v02;
/archive/mcw-templates            http://mikewest.org/2006/04/mcw-templates;
/archive/new-server            http://mikewest.org/2006/04/new-server;
/archive/datarequestor            http://mikewest.org/2006/03/datarequestor;
/archive/bio            http://mikewest.org/2006/03/bio;
/archive/showing-perfect-time-unobtrusively            http://mikewest.org/2006/02/showing-perfect-time-unobtrusively;
/archive/event-handlers-and-other-distractions            http://mikewest.org/2005/03/event-handlers-and-other-distractions;
/archive/type-ahead-search-for-select-elements            http://mikewest.org/2005/03/type-ahead-search-for-select-elements;
/archive/component-encapsulation-using-object-oriented-javascript            http://mikewest.org/2005/03/component-encapsulation-using-object-oriented-javascript;
/archive/slidable-select-widgets-explained            http://mikewest.org/2005/03/slidable-select-widgets-explained;
/archive/son-of-perfecttime-the-validationator            http://mikewest.org/2006/02/son-of-perfecttime-the-validationator;
