/post/111856958/mnots-redbot                                https://mikewest.org/2009/05/mnots-redbot;
/post/111856958                                             https://mikewest.org/2009/05/mnots-redbot;
/post/110959538/playing-with-placemaker                     https://mikewest.org/2009/05/playing-with-placemaker;
/post/110959538                                             https://mikewest.org/2009/05/playing-with-placemaker;
/post/108618244/well-hat-was-easy                           https://mikewest.org/2009/05/well-that-was-easy;
/post/108618244                                             https://mikewest.org/2009/05/well-that-was-easy;
/post/108613427/running-python-spidermonkey-on-jeos         https://mikewest.org/2009/05/running-python-spidermonkey-on-jeos;
/post/108613427                                             https://mikewest.org/2009/05/running-python-spidermonkey-on-jeos;
/post/105891396/the-value-of-measurement                    https://mikewest.org/2009/05/the-value-of-measurement;
/post/105891396                                             https://mikewest.org/2009/05/the-value-of-measurement;
/post/105825161/dsl-woes                                    https://mikewest.org/2009/05/dsl-woes;
/post/105825161                                             https://mikewest.org/2009/05/dsl-woes;
/post/105540440/compiling-varnish-on-a-minimal-jeos-system  https://mikewest.org/2009/05/compiling-varnish-on-a-minimal-jeos-system;
/post/105540440                                             https://mikewest.org/2009/05/compiling-varnish-on-a-minimal-jeos-system;
/post/105388319/i-think-ive-bricked-my-iphone               https://mikewest.org/2009/05/i-think-ive-bricked-my-iphone;
/post/105388319                                             https://mikewest.org/2009/05/i-think-ive-bricked-my-iphone;
/post/103860287/asynchronous-execution-javascript-and-you   https://mikewest.org/2009/05/asynchronous-execution-javascript-and-you;
/post/103860287                                             https://mikewest.org/2009/05/asynchronous-execution-javascript-and-you;
/post/102905143/installing-the-w3c-html-validator-on-jeos   https://mikewest.org/2009/05/installing-the-w3c-html-validator-on-jeos;
/post/102905143                                             https://mikewest.org/2009/05/installing-the-w3c-html-validator-on-jeos;
/post/102662931/static-ips-in-vmware-fusion-guests          https://mikewest.org/2009/05/static-ips-in-vmware-fusion-guests;
/post/102662931                                             https://mikewest.org/2009/05/static-ips-in-vmware-fusion-guests;
/post/102573965/vimeos-noncommercial-nature                 https://mikewest.org/2009/05/vimeos-noncommercial-nature;
/post/102573965                                             https://mikewest.org/2009/05/vimeos-noncommercial-nature;
/post/102353505/mildly-improving-google-analytics-js-embed  https://mikewest.org/2009/05/mildly-improving-google-analytics-js-embed;
/post/102353505                                             https://mikewest.org/2009/05/mildly-improving-google-analytics-js-embed;
/post/102255116/virtualization-tips                         https://mikewest.org/2009/05/virtualization-tips;
/post/102255116                                             https://mikewest.org/2009/05/virtualization-tips;
