/post/111856958/mnots-redbot                                http://mikewest.org/2009/05/mnots-redbot
/post/111856958                                             http://mikewest.org/2009/05/mnots-redbot
/post/110959538/playing-with-placemaker                     http://mikewest.org/2009/05/playing-with-placemaker
/post/110959538                                             http://mikewest.org/2009/05/playing-with-placemaker
/post/108618244/well-hat-was-easy                           http://mikewest.org/2009/05/well-that-was-easy
/post/108618244                                             http://mikewest.org/2009/05/well-that-was-easy
/post/108613427/running-python-spidermonkey-on-jeos         http://mikewest.org/2009/05/running-python-spidermonkey-on-jeos
/post/108613427                                             http://mikewest.org/2009/05/running-python-spidermonkey-on-jeos
/post/105891396/the-value-of-measurement                    http://mikewest.org/2009/05/the-value-of-measurement
/post/105891396                                             http://mikewest.org/2009/05/the-value-of-measurement
/post/105825161/dsl-woes                                    http://mikewest.org/2009/05/dsl-woes
/post/105825161                                             http://mikewest.org/2009/05/dsl-woes
/post/105540440/compiling-varnish-on-a-minimal-jeos-system  http://mikewest.org/2009/05/compiling-varnish-on-a-minimal-jeos-system
/post/105540440                                             http://mikewest.org/2009/05/compiling-varnish-on-a-minimal-jeos-system
/post/105388319/i-think-ive-bricked-my-iphone               http://mikewest.org/2009/05/i-think-ive-bricked-my-iphone
/post/105388319                                             http://mikewest.org/2009/05/i-think-ive-bricked-my-iphone
/post/103860287/asynchronous-execution-javascript-and-you   http://mikewest.org/2009/05/asynchronous-execution-javascript-and-you
/post/103860287                                             http://mikewest.org/2009/05/asynchronous-execution-javascript-and-you
/post/102905143/installing-the-w3c-html-validator-on-jeos   http://mikewest.org/2009/05/installing-the-w3c-html-validator-on-jeos
/post/102905143                                             http://mikewest.org/2009/05/installing-the-w3c-html-validator-on-jeos
/post/102662931/static-ips-in-vmware-fusion-guests          http://mikewest.org/2009/05/static-ips-in-vmware-fusion-guests
/post/102662931                                             http://mikewest.org/2009/05/static-ips-in-vmware-fusion-guests
/post/102573965/vimeos-noncommercial-nature                 http://mikewest.org/2009/05/vimeos-noncommercial-nature
/post/102573965                                             http://mikewest.org/2009/05/vimeos-noncommercial-nature
/post/102353505/mildly-improving-google-analytics-js-embed  http://mikewest.org/2009/05/mildly-improving-google-analytics-js-embed
/post/102353505                                             http://mikewest.org/2009/05/mildly-improving-google-analytics-js-embed
/post/102255116/virtualization-tips                         http://mikewest.org/2009/05/virtualization-tips
/post/102255116                                             http://mikewest.org/2009/05/virtualization-tips
